2026-03-11T15:29:41.041Z - MR Fields: {"MR_FILED_BY":"Complainants","DATE_MR_FILING":"2026-03-25","DATE_MR_RESOLVED":"2026-03-16","MR_FINDING":"Denied"}
2026-03-11T15:32:03.590Z - MR Fields: {"MR_FILED_BY":"Respondents","DATE_MR_FILING":"2026-03-24T16:00:00.000Z","DATE_MR_RESOLVED":"2026-03-15T16:00:00.000Z","MR_FINDING":"Granted"}
2026-03-12T01:58:57.011Z - MR Fields: {"MR_FILED_BY":"Respondents","DATE_MR_FILING":"2026-03-23T16:00:00.000Z","DATE_MR_RESOLVED":"2026-03-14T16:00:00.000Z","MR_FINDING":"Denied"}
2026-03-12T02:08:14.115Z - MR Fields: {"MR_FILED_BY":"Complainants","DATE_MR_FILING":"2026-03-26","DATE_MR_RESOLVED":"2026-03-16","MR_FINDING":"Granted"}
2026-03-12T02:08:47.296Z - MR Fields: {"MR_FILED_BY":"Complainants","DATE_MR_FILING":"2026-03-25T16:00:00.000Z","DATE_MR_RESOLVED":"2026-03-15T16:00:00.000Z","MR_FINDING":"Granted"}
2026-03-12T02:30:21.259Z - MR Fields: {"MR_FILED_BY":"Respondents","DATE_MR_FILING":"2026-03-11","DATE_MR_RESOLVED":"2026-03-26","MR_FINDING":"Granted"}
2026-03-12T02:31:59.926Z - MR Fields: {"MR_FILED_BY":"Respondents","DATE_MR_FILING":"2026-03-10T16:00:00.000Z","DATE_MR_RESOLVED":"2026-03-25T16:00:00.000Z","MR_FINDING":"Granted"}
2026-03-12T02:55:51.463Z - MR Fields: {"MR_FILED_BY":"Respondents","DATE_MR_FILING":"2026-03-09T16:00:00.000Z","DATE_MR_RESOLVED":"2026-03-24T16:00:00.000Z","MR_FINDING":"Granted"}
2026-03-12T03:37:03.221Z - MR Fields: {"MR_FILED_BY":"Respondents","DATE_MR_FILING":"2026-03-08T16:00:00.000Z","DATE_MR_RESOLVED":"2026-03-23T16:00:00.000Z","MR_FINDING":"Granted"}
2026-03-12T03:45:31.926Z - MR Fields: {"MR_FILED_BY":"Respondents","DATE_MR_FILING":"2026-03-07T16:00:00.000Z","DATE_MR_RESOLVED":"2026-03-22T16:00:00.000Z","MR_FINDING":"Granted"}
2026-03-12T03:47:39.834Z - MR Fields: {"MR_FILED_BY":"Respondents","DATE_MR_FILING":"2026-03-06T16:00:00.000Z","DATE_MR_RESOLVED":"2026-03-21T16:00:00.000Z","MR_FINDING":"Granted"}
2026-03-12T05:07:12.462Z - MR Fields: {"MR_FILED_BY":"Respondents","DATE_MR_FILING":"2026-03-05T16:00:00.000Z","DATE_MR_RESOLVED":"2026-03-20T16:00:00.000Z","MR_FINDING":"Granted"}
2026-03-12T05:07:25.693Z - MR Fields: {"MR_FILED_BY":"Respondents","DATE_MR_FILING":"2026-03-04T16:00:00.000Z","DATE_MR_RESOLVED":"2026-03-19T16:00:00.000Z","MR_FINDING":"Granted"}
2026-03-12T05:12:58.777Z - MR Fields: {"MR_FILED_BY":"Respondents","DATE_MR_FILING":"2026-03-03T16:00:00.000Z","DATE_MR_RESOLVED":"2026-03-18T16:00:00.000Z","MR_FINDING":"Granted"}
2026-03-12T05:23:55.341Z - MR Fields: {"MR_FILED_BY":"Respondents","DATE_MR_FILING":"2026-03-02T16:00:00.000Z","DATE_MR_RESOLVED":"2026-03-17T16:00:00.000Z","MR_FINDING":"Granted"}
2026-03-12T05:33:18.004Z - MR Fields: {"MR_FILED_BY":"Respondents","DATE_MR_FILING":"2026-03-01T16:00:00.000Z","DATE_MR_RESOLVED":"2026-03-16T16:00:00.000Z","MR_FINDING":"Granted"}
2026-03-12T05:33:36.757Z - MR Fields: {"MR_FILED_BY":"Respondents","DATE_MR_FILING":"2026-02-28T16:00:00.000Z","DATE_MR_RESOLVED":"2026-03-15T16:00:00.000Z","MR_FINDING":"Granted"}
2026-03-12T05:44:27.054Z - MR Fields: {"MR_FILED_BY":"Respondents","DATE_MR_FILING":"2026-02-27T16:00:00.000Z","DATE_MR_RESOLVED":"2026-03-14T16:00:00.000Z","MR_FINDING":"Granted"}
2026-03-12T05:50:22.311Z - MR Fields: {"MR_FILED_BY":"Respondents","DATE_MR_FILING":"2026-02-26T16:00:00.000Z","DATE_MR_RESOLVED":"2026-03-13T16:00:00.000Z","MR_FINDING":"Granted"}
2026-03-12T05:53:01.226Z - MR Fields: {"MR_FILED_BY":"Respondents","DATE_MR_FILING":"2026-02-25T16:00:00.000Z","DATE_MR_RESOLVED":"2026-03-12T16:00:00.000Z","MR_FINDING":"Granted"}
2026-03-12T05:57:28.428Z - MR Fields: {"MR_FILED_BY":"Respondents","DATE_MR_FILING":"2026-02-24T16:00:00.000Z","DATE_MR_RESOLVED":"2026-03-11T16:00:00.000Z","MR_FINDING":"Granted"}
2026-03-12T06:03:41.046Z - MR Fields: {"MR_FILED_BY":"Respondents","DATE_MR_FILING":"2026-02-23T16:00:00.000Z","DATE_MR_RESOLVED":"2026-03-10T16:00:00.000Z","MR_FINDING":"Granted"}
2026-03-12T06:04:13.020Z - MR Fields: {"MR_FILED_BY":"Respondents","DATE_MR_FILING":"2026-02-22T16:00:00.000Z","DATE_MR_RESOLVED":"2026-03-09T16:00:00.000Z","MR_FINDING":"Granted"}
2026-03-12T06:40:56.266Z - MR Fields: {"MR_FILED_BY":null,"DATE_MR_FILING":null,"DATE_MR_RESOLVED":null,"MR_FINDING":null}
2026-03-12T07:16:07.209Z - MR Fields: {"MR_FILED_BY":null,"DATE_MR_FILING":null,"DATE_MR_RESOLVED":null,"MR_FINDING":null}
2026-03-12T07:25:09.280Z - MR Fields: {"MR_FILED_BY":null,"DATE_MR_FILING":null,"DATE_MR_RESOLVED":null,"MR_FINDING":null}
2026-03-12T07:26:56.274Z - MR Fields: {"MR_FILED_BY":null,"DATE_MR_FILING":null,"DATE_MR_RESOLVED":null,"MR_FINDING":null}
2026-03-12T07:36:01.142Z - MR Fields: {"MR_FILED_BY":"Complainants","DATE_MR_FILING":"2026-03-18","DATE_MR_RESOLVED":"2026-03-27","MR_FINDING":"Denied"}
2026-03-12T08:30:18.846Z - MR Fields: {"MR_FILED_BY":"[\"\"]","DATE_MR_FILING":"[\"\"]","DATE_MR_RESOLVED":"[\"\"]","MR_FINDING":"[\"\"]"}
2026-03-12T12:57:09.664Z - MR Fields: {"MR_FILED_BY":"[\"\"]","DATE_MR_FILING":"[\"\"]","DATE_MR_RESOLVED":"[\"\"]","MR_FINDING":"[\"\"]"}
2026-03-12T13:44:45.678Z - MR Fields: {"MR_FILED_BY":"[\"\"]","DATE_MR_FILING":"[\"2026-03-18\"]","DATE_MR_RESOLVED":"[\"2026-03-27\"]","MR_FINDING":"[\"Denied\"]"}
2026-03-12T13:45:01.867Z - MR Fields: {"MR_FILED_BY":"[\"\"]","DATE_MR_FILING":"[\"2026-03-18\"]","DATE_MR_RESOLVED":"[\"2026-03-27\"]","MR_FINDING":"[\"Denied\"]"}
2026-03-12T13:45:17.413Z - MR Fields: {"MR_FILED_BY":"[\"\"]","DATE_MR_FILING":"[\"2026-03-18\"]","DATE_MR_RESOLVED":"[\"2026-03-27\"]","MR_FINDING":"[\"Denied\"]"}
2026-03-12T13:46:01.778Z - MR Fields: {"MR_FILED_BY":"[\"\"]","DATE_MR_FILING":"[\"2026-03-18\"]","DATE_MR_RESOLVED":"[\"2026-03-27\"]","MR_FINDING":"[\"Denied\"]"}
2026-03-12T13:48:29.806Z - MR Fields: {"MR_FILED_BY":"[\"\"]","DATE_MR_FILING":"[\"2026-03-18\"]","DATE_MR_RESOLVED":"[\"2026-03-27\"]","MR_FINDING":"[\"Denied\"]"}
2026-03-12T13:49:03.198Z - MR Fields: {"MR_FILED_BY":"[\"\"]","DATE_MR_FILING":"[\"2026-03-18\"]","DATE_MR_RESOLVED":"[\"2026-03-27\"]","MR_FINDING":"[\"Denied\"]"}
2026-03-12T14:12:59.661Z - MR Fields: {"MR_FILED_BY":"[\"\"]","DATE_MR_FILING":"[\"\"]","DATE_MR_RESOLVED":"[\"\"]","MR_FINDING":"[\"\"]"}
