Error updating case: Error: ER_TRUNCATED_WRONG_VALUE: Incorrect date value: '2024-01-09T16:00:00.000Z' for column `ocp_docketing`.`cases`.`DATE_FILED` at row 1
    at Sequence._packetToError (C:\Users\HP User\Desktop\OJT PROJECT 2026(1)\node_modules\mysql\lib\protocol\sequences\Sequence.js:47:14)
    at Query.ErrorPacket (C:\Users\HP User\Desktop\OJT PROJECT 2026(1)\node_modules\mysql\lib\protocol\sequences\Query.js:79:18)
    at Protocol._parsePacket (C:\Users\HP User\Desktop\OJT PROJECT 2026(1)\node_modules\mysql\lib\protocol\Protocol.js:291:23)
    at Parser._parsePacket (C:\Users\HP User\Desktop\OJT PROJECT 2026(1)\node_modules\mysql\lib\protocol\Parser.js:433:10)
    at Parser.write (C:\Users\HP User\Desktop\OJT PROJECT 2026(1)\node_modules\mysql\lib\protocol\Parser.js:43:10)
    at Protocol.write (C:\Users\HP User\Desktop\OJT PROJECT 2026(1)\node_modules\mysql\lib\protocol\Protocol.js:38:16)
    at Socket.<anonymous> (C:\Users\HP User\Desktop\OJT PROJECT 2026(1)\node_modules\mysql\lib\Connection.js:88:28)
    at Socket.<anonymous> (C:\Users\HP User\Desktop\OJT PROJECT 2026(1)\node_modules\mysql\lib\Connection.js:526:10)
    at Socket.emit (node:events:519:28)
    at addChunk (node:internal/streams/readable:561:12)
    --------------------
    at Protocol._enqueue (C:\Users\HP User\Desktop\OJT PROJECT 2026(1)\node_modules\mysql\lib\protocol\Protocol.js:144:48)
    at Connection.query (C:\Users\HP User\Desktop\OJT PROJECT 2026(1)\node_modules\mysql\lib\Connection.js:198:25)
    at C:\Users\HP User\Desktop\OJT PROJECT 2026(1)\server.js:1094:8
    at process.processTicksAndRejections (node:internal/process/task_queues:105:5) {
  code: 'ER_TRUNCATED_WRONG_VALUE',
  errno: 1292,
  sqlMessage: "Incorrect date value: '2024-01-09T16:00:00.000Z' for column `ocp_docketing`.`cases`.`DATE_FILED` at row 1",
  sqlState: '22007',
  index: 0,
  sql: "UPDATE cases SET DATE_FILED = '2024-01-09T16:00:00.000Z', COMPLAINANT = 'PNP Tagbilaran', RESPONDENT = 'John Doe', ADDRESS_OF_RESPONDENT = 'loon', OFFENSE = 'robbery', DATE_OF_COMMISSION = NULL, DATE_RESOLVED = '2024-03-14T16:00:00.000Z', RESOLVING_PROSECUTOR = 'Prosecutor Martinez', CRIM_CASE_NO = 'CRIM-2024-001', BRANCH = 'Branch 1', DATEFILED_IN_COURT = '2024-02-04T16:00:00.000Z', REMARKS_DECISION = 'Dismissed', PENALTY = 'Fine of P5000' WHERE id = 142"
}
