Server running on port 5000
✅ Connected to MySQL database.
Users table ready.
✅ Excel file updated: C:\Users\HP User\Desktop\OJT PROJECT 2026(1)\uploads\cases.xlsx
Initial Excel file generated on server start
Admin account already exists.
🚪 Logout request received for userId: 1
✅ User 1 logged out successfully. Rows affected: 1
✅ Login successful: james@gmail.com (is_active = 1)
📊 /cases endpoint: Returning 102 active cases
📊 /cases endpoint: Returning 102 active cases
📊 /cases endpoint: Returning 102 active cases
📊 /cases endpoint: Returning 102 active cases
📝 Update case request received: {
  "id": 142,
  "updated_fields": {
    "DATE_FILED": "2024-01-09T16:00:00.000Z",
    "COMPLAINANT": "PNP Tagbilaran",
    "RESPONDENT": "John Doe",
    "ADDRESS_OF_RESPONDENT": "loon",
    "OFFENSE": "Theftasa",
    "DATE_OF_COMMISSION": "0000-00-00",
    "DATE_RESOLVED": "2024-03-14T16:00:00.000Z",
    "RESOLVING_PROSECUTOR": "Prosecutor Martinez",
    "REMARKS_DECISION": "Dismissed",
    "PENALTY": "Fine of P5000",
    "CRIM_CASE_NO": "CRIM-2024-001",
    "BRANCH": "Branch 1",
    "DATEFILED_IN_COURT": "2024-02-04T16:00:00.000Z"
  }
}
✅ Validation passed. ID: 142 Fields: [
  'DATE_FILED',
  'COMPLAINANT',
  'RESPONDENT',
  'ADDRESS_OF_RESPONDENT',
  'OFFENSE',
  'DATE_OF_COMMISSION',
  'DATE_RESOLVED',
  'RESOLVING_PROSECUTOR',
  'CRIM_CASE_NO',
  'BRANCH',
  'DATEFILED_IN_COURT',
  'REMARKS_DECISION',
  'PENALTY'
]
Executing Update: UPDATE cases SET DATE_FILED = ?, COMPLAINANT = ?, RESPONDENT = ?, ADDRESS_OF_RESPONDENT = ?, OFFENSE = ?, DATE_OF_COMMISSION = ?, DATE_RESOLVED = ?, RESOLVING_PROSECUTOR = ?, CRIM_CASE_NO = ?, BRANCH = ?, DATEFILED_IN_COURT = ?, REMARKS_DECISION = ?, PENALTY = ? WHERE id = ?
With values: [
  '2024-01-09',
  'PNP Tagbilaran',
  'John Doe',
  'loon',
  'Theftasa',
  null,
  '2024-03-14',
  'Prosecutor Martinez',
  'CRIM-2024-001',
  'Branch 1',
  '2024-02-04',
  'Dismissed',
  'Fine of P5000',
  142
]
✅ Excel file updated: C:\Users\HP User\Desktop\OJT PROJECT 2026(1)\uploads\cases.xlsx
Excel file synced after case update
📊 /cases endpoint: Returning 102 active cases
📝 Update case request received: {
  "id": 142,
  "updated_fields": {
    "DATE_FILED": "2024-01-08T16:00:00.000Z",
    "COMPLAINANT": "PNP Tagbilaran",
    "RESPONDENT": "John Doe",
    "ADDRESS_OF_RESPONDENT": "tagbilaran",
    "OFFENSE": "Theftasa",
    "DATE_OF_COMMISSION": null,
    "DATE_RESOLVED": "2024-03-13T16:00:00.000Z",
    "RESOLVING_PROSECUTOR": "Prosecutor Martinez",
    "REMARKS_DECISION": "Dismissed",
    "PENALTY": "Fine of P5000",
    "CRIM_CASE_NO": "CRIM-2024-001",
    "BRANCH": "Branch 1",
    "DATEFILED_IN_COURT": "2024-02-03T16:00:00.000Z"
  }
}
📊 /cases endpoint: Returning 102 active cases
📊 /cases endpoint: Returning 102 active cases
📝 Update case request received: {
  "id": 142,
  "updated_fields": {
    "DATE_FILED": "2024-01-08T16:00:00.000Z",
    "COMPLAINANT": "PNP Tagbilaran",
    "RESPONDENT": "John Doe",
    "ADDRESS_OF_RESPONDENT": "asdasdasd",
    "OFFENSE": "Theftasa",
    "DATE_OF_COMMISSION": null,
    "DATE_RESOLVED": "2024-03-13T16:00:00.000Z",
    "RESOLVING_PROSECUTOR": "Prosecutor Martinez",
    "REMARKS_DECISION": "Dismissed",
    "PENALTY": "Fine of P5000",
    "CRIM_CASE_NO": "CRIM-2024-001",
    "BRANCH": "Branch 1",
    "DATEFILED_IN_COURT": "2024-02-03T16:00:00.000Z"
  }
}
